Archive member included to satisfy reference by file (symbol)

c:/progra~2/gnuarm~1/102020~1/bin/../lib/gcc/arm-none-eabi/10.2.1/thumb/v7e-m/nofp\libgcc.a(_arm_muldf3.o)
                              CMakeFiles/piezo.elf.dir/Core/Src/main.c.obj (__aeabi_dmul)
c:/progra~2/gnuarm~1/102020~1/bin/../lib/gcc/arm-none-eabi/10.2.1/thumb/v7e-m/nofp\libgcc.a(_arm_addsubdf3.o)
                              CMakeFiles/piezo.elf.dir/Core/Src/main.c.obj (__aeabi_dadd)
c:/progra~2/gnuarm~1/102020~1/bin/../lib/gcc/arm-none-eabi/10.2.1/thumb/v7e-m/nofp\libgcc.a(_aeabi_uldivmod.o)
                              CMakeFiles/piezo.elf.dir/Drivers/STM32F4xx_HAL_Driver/Src/stm32f4xx_hal_rcc.c.obj (__aeabi_uldivmod)
c:/progra~2/gnuarm~1/102020~1/bin/../lib/gcc/arm-none-eabi/10.2.1/thumb/v7e-m/nofp\libgcc.a(_udivmoddi4.o)
                              c:/progra~2/gnuarm~1/102020~1/bin/../lib/gcc/arm-none-eabi/10.2.1/thumb/v7e-m/nofp\libgcc.a(_aeabi_uldivmod.o) (__udivmoddi4)
c:/progra~2/gnuarm~1/102020~1/bin/../lib/gcc/arm-none-eabi/10.2.1/thumb/v7e-m/nofp\libgcc.a(_dvmd_tls.o)
                              c:/progra~2/gnuarm~1/102020~1/bin/../lib/gcc/arm-none-eabi/10.2.1/thumb/v7e-m/nofp\libgcc.a(_aeabi_uldivmod.o) (__aeabi_ldiv0)
c:/progra~2/gnuarm~1/102020~1/bin/../lib/gcc/arm-none-eabi/10.2.1/../../../../arm-none-eabi/lib/thumb/v7e-m/nofp\libg.a(lib_a-errno.o)
                              CMakeFiles/piezo.elf.dir/Core/Src/syscalls.c.obj (__errno)
c:/progra~2/gnuarm~1/102020~1/bin/../lib/gcc/arm-none-eabi/10.2.1/../../../../arm-none-eabi/lib/thumb/v7e-m/nofp\libg.a(lib_a-exit.o)
                              c:/progra~2/gnuarm~1/102020~1/bin/../lib/gcc/arm-none-eabi/10.2.1/../../../../arm-none-eabi/lib/thumb/v7e-m/nofp/crt0.o (exit)
c:/progra~2/gnuarm~1/102020~1/bin/../lib/gcc/arm-none-eabi/10.2.1/../../../../arm-none-eabi/lib/thumb/v7e-m/nofp\libg.a(lib_a-impure.o)
                              c:/progra~2/gnuarm~1/102020~1/bin/../lib/gcc/arm-none-eabi/10.2.1/../../../../arm-none-eabi/lib/thumb/v7e-m/nofp\libg.a(lib_a-exit.o) (_global_impure_ptr)
c:/progra~2/gnuarm~1/102020~1/bin/../lib/gcc/arm-none-eabi/10.2.1/../../../../arm-none-eabi/lib/thumb/v7e-m/nofp\libg.a(lib_a-init.o)
                              c:/progra~2/gnuarm~1/102020~1/bin/../lib/gcc/arm-none-eabi/10.2.1/../../../../arm-none-eabi/lib/thumb/v7e-m/nofp/crt0.o (__libc_init_array)
c:/progra~2/gnuarm~1/102020~1/bin/../lib/gcc/arm-none-eabi/10.2.1/../../../../arm-none-eabi/lib/thumb/v7e-m/nofp\libg.a(lib_a-memset.o)
                              c:/progra~2/gnuarm~1/102020~1/bin/../lib/gcc/arm-none-eabi/10.2.1/../../../../arm-none-eabi/lib/thumb/v7e-m/nofp/crt0.o (memset)
c:/progra~2/gnuarm~1/102020~1/bin/../lib/gcc/arm-none-eabi/10.2.1/../../../../arm-none-eabi/lib/thumb/v7e-m/nofp\libg.a(lib_a-__call_atexit.o)
                              c:/progra~2/gnuarm~1/102020~1/bin/../lib/gcc/arm-none-eabi/10.2.1/../../../../arm-none-eabi/lib/thumb/v7e-m/nofp\libg.a(lib_a-exit.o) (__call_exitprocs)
c:/progra~2/gnuarm~1/102020~1/bin/../lib/gcc/arm-none-eabi/10.2.1/../../../../arm-none-eabi/lib/thumb/v7e-m/nofp\libg.a(lib_a-atexit.o)
                              c:/progra~2/gnuarm~1/102020~1/bin/../lib/gcc/arm-none-eabi/10.2.1/../../../../arm-none-eabi/lib/thumb/v7e-m/nofp\libg.a(lib_a-__call_atexit.o) (atexit)
c:/progra~2/gnuarm~1/102020~1/bin/../lib/gcc/arm-none-eabi/10.2.1/../../../../arm-none-eabi/lib/thumb/v7e-m/nofp\libg.a(lib_a-fini.o)
                              c:/progra~2/gnuarm~1/102020~1/bin/../lib/gcc/arm-none-eabi/10.2.1/../../../../arm-none-eabi/lib/thumb/v7e-m/nofp\libg.a(lib_a-__call_atexit.o) (__libc_fini_array)
c:/progra~2/gnuarm~1/102020~1/bin/../lib/gcc/arm-none-eabi/10.2.1/../../../../arm-none-eabi/lib/thumb/v7e-m/nofp\libg.a(lib_a-lock.o)
                              c:/progra~2/gnuarm~1/102020~1/bin/../lib/gcc/arm-none-eabi/10.2.1/../../../../arm-none-eabi/lib/thumb/v7e-m/nofp\libg.a(lib_a-__call_atexit.o) (__retarget_lock_acquire_recursive)
c:/progra~2/gnuarm~1/102020~1/bin/../lib/gcc/arm-none-eabi/10.2.1/../../../../arm-none-eabi/lib/thumb/v7e-m/nofp\libg.a(lib_a-__atexit.o)
                              c:/progra~2/gnuarm~1/102020~1/bin/../lib/gcc/arm-none-eabi/10.2.1/../../../../arm-none-eabi/lib/thumb/v7e-m/nofp\libg.a(lib_a-atexit.o) (__register_exitproc)

Discarded input sections

 .text          0x00000000        0x0 c:/progra~2/gnuarm~1/102020~1/bin/../lib/gcc/arm-none-eabi/10.2.1/thumb/v7e-m/nofp/crti.o
 .data          0x00000000        0x0 c:/progra~2/gnuarm~1/102020~1/bin/../lib/gcc/arm-none-eabi/10.2.1/thumb/v7e-m/nofp/crti.o
 .bss           0x00000000        0x0 c:/progra~2/gnuarm~1/102020~1/bin/../lib/gcc/arm-none-eabi/10.2.1/thumb/v7e-m/nofp/crti.o
 .data          0x00000000        0x4 c:/progra~2/gnuarm~1/102020~1/bin/../lib/gcc/arm-none-eabi/10.2.1/thumb/v7e-m/nofp/crtbegin.o
 .rodata        0x00000000       0x24 c:/progra~2/gnuarm~1/102020~1/bin/../lib/gcc/arm-none-eabi/10.2.1/thumb/v7e-m/nofp/crtbegin.o
[...]
Memory Configuration

Name             Origin             Length             Attributes
RAM              0x20000000         0x00020000         xrw
CCMRAM           0x10000000         0x00010000         xrw
FLASH            0x08000000         0x00100000         xr
*default*        0x00000000         0xffffffff

Linker script and memory map

LOAD c:/progra~2/gnuarm~1/102020~1/bin/../lib/gcc/arm-none-eabi/10.2.1/thumb/v7e-m/nofp/crti.o
LOAD c:/progra~2/gnuarm~1/102020~1/bin/../lib/gcc/arm-none-eabi/10.2.1/thumb/v7e-m/nofp/crtbegin.o
LOAD c:/progra~2/gnuarm~1/102020~1/bin/../lib/gcc/arm-none-eabi/10.2.1/../../../../arm-none-eabi/lib/thumb/v7e-m/nofp/crt0.o
LOAD CMakeFiles/piezo.elf.dir/Core/Src/main.c.obj
LOAD CMakeFiles/piezo.elf.dir/Core/Src/stm32f4xx_hal_msp.c.obj
LOAD CMakeFiles/piezo.elf.dir/Core/Src/stm32f4xx_it.c.obj
LOAD CMakeFiles/piezo.elf.dir/Core/Src/syscalls.c.obj
LOAD CMakeFiles/piezo.elf.dir/Core/Src/system_stm32f4xx.c.obj
LOAD CMakeFiles/piezo.elf.dir/Drivers/STM32F4xx_HAL_Driver/Src/stm32f4xx_hal.c.obj
LOAD CMakeFiles/piezo.elf.dir/Drivers/STM32F4xx_HAL_Driver/Src/stm32f4xx_hal_adc.c.obj
LOAD CMakeFiles/piezo.elf.dir/Drivers/STM32F4xx_HAL_Driver/Src/stm32f4xx_hal_adc_ex.c.obj
LOAD CMakeFiles/piezo.elf.dir/Drivers/STM32F4xx_HAL_Driver/Src/stm32f4xx_hal_cortex.c.obj
LOAD CMakeFiles/piezo.elf.dir/Drivers/STM32F4xx_HAL_Driver/Src/stm32f4xx_hal_dma.c.obj
LOAD CMakeFiles/piezo.elf.dir/Drivers/STM32F4xx_HAL_Driver/Src/stm32f4xx_hal_dma_ex.c.obj
LOAD CMakeFiles/piezo.elf.dir/Drivers/STM32F4xx_HAL_Driver/Src/stm32f4xx_hal_exti.c.obj
LOAD CMakeFiles/piezo.elf.dir/Drivers/STM32F4xx_HAL_Driver/Src/stm32f4xx_hal_flash.c.obj
LOAD CMakeFiles/piezo.elf.dir/Drivers/STM32F4xx_HAL_Driver/Src/stm32f4xx_hal_flash_ex.c.obj
LOAD CMakeFiles/piezo.elf.dir/Drivers/STM32F4xx_HAL_Driver/Src/stm32f4xx_hal_flash_ramfunc.c.obj
LOAD CMakeFiles/piezo.elf.dir/Drivers/STM32F4xx_HAL_Driver/Src/stm32f4xx_hal_gpio.c.obj
LOAD CMakeFiles/piezo.elf.dir/Drivers/STM32F4xx_HAL_Driver/Src/stm32f4xx_hal_pwr.c.obj
LOAD CMakeFiles/piezo.elf.dir/Drivers/STM32F4xx_HAL_Driver/Src/stm32f4xx_hal_pwr_ex.c.obj
LOAD CMakeFiles/piezo.elf.dir/Drivers/STM32F4xx_HAL_Driver/Src/stm32f4xx_hal_rcc.c.obj
LOAD CMakeFiles/piezo.elf.dir/Drivers/STM32F4xx_HAL_Driver/Src/stm32f4xx_hal_rcc_ex.c.obj
LOAD CMakeFiles/piezo.elf.dir/Drivers/STM32F4xx_HAL_Driver/Src/stm32f4xx_hal_tim.c.obj
LOAD CMakeFiles/piezo.elf.dir/Drivers/STM32F4xx_HAL_Driver/Src/stm32f4xx_hal_tim_ex.c.obj
LOAD CMakeFiles/piezo.elf.dir/Drivers/STM32F4xx_HAL_Driver/Src/stm32f4xx_ll_adc.c.obj
LOAD CMakeFiles/piezo.elf.dir/startup/startup_stm32f407xx.s.obj
START GROUP
LOAD c:/progra~2/gnuarm~1/102020~1/bin/../lib/gcc/arm-none-eabi/10.2.1/thumb/v7e-m/nofp\libgcc.a
LOAD c:/progra~2/gnuarm~1/102020~1/bin/../lib/gcc/arm-none-eabi/10.2.1/../../../../arm-none-eabi/lib/thumb/v7e-m/nofp\libg.a
LOAD c:/progra~2/gnuarm~1/102020~1/bin/../lib/gcc/arm-none-eabi/10.2.1/../../../../arm-none-eabi/lib/thumb/v7e-m/nofp\libc.a
END GROUP
LOAD c:/progra~2/gnuarm~1/102020~1/bin/../lib/gcc/arm-none-eabi/10.2.1/thumb/v7e-m/nofp/crtend.o
LOAD c:/progra~2/gnuarm~1/102020~1/bin/../lib/gcc/arm-none-eabi/10.2.1/thumb/v7e-m/nofp/crtn.o
                0x20020000                _estack = 0x20020000
                0x00000200                _Min_Heap_Size = 0x200
                0x00000400                _Min_Stack_Size = 0x400

.isr_vector     0x08000000      0x188
                0x08000000                . = ALIGN (0x4)
 *(.isr_vector)
 .isr_vector    0x08000000      0x188 CMakeFiles/piezo.elf.dir/startup/startup_stm32f407xx.s.obj
                0x08000000                g_pfnVectors
                0x08000188                . = ALIGN (0x4)

.text           0x08000188     0x2674
                0x08000188                . = ALIGN (0x4)
 *(.text)
 .text          0x08000188       0x40 c:/progra~2/gnuarm~1/102020~1/bin/../lib/gcc/arm-none-eabi/10.2.1/thumb/v7e-m/nofp/crtbegin.o
 .text          0x080001c8      0x254 c:/progra~2/gnuarm~1/102020~1/bin/../lib/gcc/arm-none-eabi/10.2.1/thumb/v7e-m/nofp\libgcc.a(_arm_muldf3.o)
                0x080001c8                __muldf3
                0x080001c8                __aeabi_dmul
 .text          0x0800041c      0x378 c:/progra~2/gnuarm~1/102020~1/bin/../lib/gcc/arm-none-eabi/10.2.1/thumb/v7e-m/nofp\libgcc.a(_arm_addsubdf3.o)
                0x0800041c                __aeabi_drsub
                0x08000424                __aeabi_dsub
                0x08000424                __subdf3
                0x08000428                __aeabi_dadd
                0x08000428                __adddf3
                0x080006a0                __floatunsidf
                0x080006a0                __aeabi_ui2d
                0x080006c0                __floatsidf
                0x080006c0                __aeabi_i2d
                0x080006e4                __aeabi_f2d
                0x080006e4                __extendsfdf2
                0x08000728                __floatundidf
                0x08000728                __aeabi_ul2d
                0x08000738                __floatdidf
                0x08000738                __aeabi_l2d
 .text          0x08000794       0x30 c:/progra~2/gnuarm~1/102020~1/bin/../lib/gcc/arm-none-eabi/10.2.1/thumb/v7e-m/nofp\libgcc.a(_aeabi_uldivmod.o)
                0x08000794                __aeabi_uldivmod
 .text          0x080007c4      0x2d0 c:/progra~2/gnuarm~1/102020~1/bin/../lib/gcc/arm-none-eabi/10.2.1/thumb/v7e-m/nofp\libgcc.a(_udivmoddi4.o)
                0x080007c4                __udivmoddi4
 .text          0x08000a94        0x4 c:/progra~2/gnuarm~1/102020~1/bin/../lib/gcc/arm-none-eabi/10.2.1/thumb/v7e-m/nofp\libgcc.a(_dvmd_tls.o)
                0x08000a94                __aeabi_idiv0
                0x08000a94                __aeabi_ldiv0
 *(.text*)
 .text.MX_GPIO_Init
                0x08000a98       0x80 CMakeFiles/piezo.elf.dir/Core/Src/main.c.obj
 .text.move_by_one
                0x08000b18       0x18 CMakeFiles/piezo.elf.dir/Core/Src/main.c.obj
                0x08000b18                move_by_one
 .text.get_average
                0x08000b30       0x18 CMakeFiles/piezo.elf.dir/Core/Src/main.c.obj
                0x08000b30                get_average
 .text.Error_Handler
                0x08000b48        0x4 CMakeFiles/piezo.elf.dir/Core/Src/main.c.obj
                0x08000b48                Error_Handler
 .text.MX_ADC1_Init
                0x08000b4c       0x6c CMakeFiles/piezo.elf.dir/Core/Src/main.c.obj
 .text.MX_TIM1_Init
                0x08000bb8       0xdc CMakeFiles/piezo.elf.dir/Core/Src/main.c.obj
 .text.SystemClock_Config
                0x08000c94       0xa4 CMakeFiles/piezo.elf.dir/Core/Src/main.c.obj
                0x08000c94                SystemClock_Config
 .text.main     0x08000d38      0x128 CMakeFiles/piezo.elf.dir/Core/Src/main.c.obj
                0x08000d38                main
 .text.HAL_MspInit
                0x08000e60       0x40 CMakeFiles/piezo.elf.dir/Core/Src/stm32f4xx_hal_msp.c.obj
                0x08000e60                HAL_MspInit
 .text.HAL_ADC_MspInit
                0x08000ea0       0x68 CMakeFiles/piezo.elf.dir/Core/Src/stm32f4xx_hal_msp.c.obj
                0x08000ea0                HAL_ADC_MspInit
 .text.HAL_TIM_Base_MspInit
                0x08000f08       0x30 CMakeFiles/piezo.elf.dir/Core/Src/stm32f4xx_hal_msp.c.obj
                0x08000f08                HAL_TIM_Base_MspInit
 .text.HAL_TIM_MspPostInit
                0x08000f38       0x5c CMakeFiles/piezo.elf.dir/Core/Src/stm32f4xx_hal_msp.c.obj
                0x08000f38                HAL_TIM_MspPostInit
 .text.NMI_Handler
                0x08000f94        0x2 CMakeFiles/piezo.elf.dir/Core/Src/stm32f4xx_it.c.obj
                0x08000f94                NMI_Handler
 .text.HardFault_Handler
                0x08000f96        0x2 CMakeFiles/piezo.elf.dir/Core/Src/stm32f4xx_it.c.obj
                0x08000f96                HardFault_Handler
 .text.MemManage_Handler
                0x08000f98        0x2 CMakeFiles/piezo.elf.dir/Core/Src/stm32f4xx_it.c.obj
                0x08000f98                MemManage_Handler
 .text.BusFault_Handler
                0x08000f9a        0x2 CMakeFiles/piezo.elf.dir/Core/Src/stm32f4xx_it.c.obj
                0x08000f9a                BusFault_Handler
 .text.UsageFault_Handler
                0x08000f9c        0x2 CMakeFiles/piezo.elf.dir/Core/Src/stm32f4xx_it.c.obj
                0x08000f9c                UsageFault_Handler
 .text.SVC_Handler
                0x08000f9e        0x2 CMakeFiles/piezo.elf.dir/Core/Src/stm32f4xx_it.c.obj
                0x08000f9e                SVC_Handler
 .text.DebugMon_Handler
                0x08000fa0        0x2 CMakeFiles/piezo.elf.dir/Core/Src/stm32f4xx_it.c.obj
                0x08000fa0                DebugMon_Handler
 .text.PendSV_Handler
                0x08000fa2        0x2 CMakeFiles/piezo.elf.dir/Core/Src/stm32f4xx_it.c.obj
                0x08000fa2                PendSV_Handler
 .text.SysTick_Handler
                0x08000fa4        0x8 CMakeFiles/piezo.elf.dir/Core/Src/stm32f4xx_it.c.obj
                0x08000fa4                SysTick_Handler
 .text.SystemInit
                0x08000fac        0x2 CMakeFiles/piezo.elf.dir/Core/Src/system_stm32f4xx.c.obj
                0x08000fac                SystemInit
 *fill*         0x08000fae        0x2 
 .text.HAL_InitTick
                0x08000fb0       0x4c CMakeFiles/piezo.elf.dir/Drivers/STM32F4xx_HAL_Driver/Src/stm32f4xx_hal.c.obj
                0x08000fb0                HAL_InitTick
 .text.HAL_Init
                0x08000ffc       0x34 CMakeFiles/piezo.elf.dir/Drivers/STM32F4xx_HAL_Driver/Src/stm32f4xx_hal.c.obj
                0x08000ffc                HAL_Init
 .text.HAL_IncTick
                0x08001030       0x18 CMakeFiles/piezo.elf.dir/Drivers/STM32F4xx_HAL_Driver/Src/stm32f4xx_hal.c.obj
                0x08001030                HAL_IncTick
 .text.HAL_GetTick
                0x08001048        0xc CMakeFiles/piezo.elf.dir/Drivers/STM32F4xx_HAL_Driver/Src/stm32f4xx_hal.c.obj
                0x08001048                HAL_GetTick
 .text.ADC_Init
                0x08001054      0x134 CMakeFiles/piezo.elf.dir/Drivers/STM32F4xx_HAL_Driver/Src/stm32f4xx_hal_adc.c.obj
 .text.HAL_ADC_Init
                0x08001188       0x56 CMakeFiles/piezo.elf.dir/Drivers/STM32F4xx_HAL_Driver/Src/stm32f4xx_hal_adc.c.obj
                0x08001188                HAL_ADC_Init
 *fill*         0x080011de        0x2 
 .text.HAL_ADC_Start
                0x080011e0      0x144 CMakeFiles/piezo.elf.dir/Drivers/STM32F4xx_HAL_Driver/Src/stm32f4xx_hal_adc.c.obj
                0x080011e0                HAL_ADC_Start
 .text.HAL_ADC_PollForConversion
                0x08001324       0xb8 CMakeFiles/piezo.elf.dir/Drivers/STM32F4xx_HAL_Driver/Src/stm32f4xx_hal_adc.c.obj
                0x08001324                HAL_ADC_PollForConversion
 .text.HAL_ADC_GetValue
                0x080013dc        0x6 CMakeFiles/piezo.elf.dir/Drivers/STM32F4xx_HAL_Driver/Src/stm32f4xx_hal_adc.c.obj
                0x080013dc                HAL_ADC_GetValue
 *fill*         0x080013e2        0x2 
 .text.HAL_ADC_ConfigChannel
                0x080013e4      0x198 CMakeFiles/piezo.elf.dir/Drivers/STM32F4xx_HAL_Driver/Src/stm32f4xx_hal_adc.c.obj
                0x080013e4                HAL_ADC_ConfigChannel
 .text.HAL_NVIC_SetPriorityGrouping
                0x0800157c       0x24 CMakeFiles/piezo.elf.dir/Drivers/STM32F4xx_HAL_Driver/Src/stm32f4xx_hal_cortex.c.obj
                0x0800157c                HAL_NVIC_SetPriorityGrouping
 .text.HAL_NVIC_SetPriority
                0x080015a0       0x70 CMakeFiles/piezo.elf.dir/Drivers/STM32F4xx_HAL_Driver/Src/stm32f4xx_hal_cortex.c.obj
                0x080015a0                HAL_NVIC_SetPriority
 .text.HAL_SYSTICK_Config
                0x08001610       0x28 CMakeFiles/piezo.elf.dir/Drivers/STM32F4xx_HAL_Driver/Src/stm32f4xx_hal_cortex.c.obj
                0x08001610                HAL_SYSTICK_Config
 .text.HAL_GPIO_Init
                0x08001638      0x1e4 CMakeFiles/piezo.elf.dir/Drivers/STM32F4xx_HAL_Driver/Src/stm32f4xx_hal_gpio.c.obj
                0x08001638                HAL_GPIO_Init
 .text.HAL_GPIO_ReadPin
                0x0800181c        0xe CMakeFiles/piezo.elf.dir/Drivers/STM32F4xx_HAL_Driver/Src/stm32f4xx_hal_gpio.c.obj
                0x0800181c                HAL_GPIO_ReadPin
 .text.HAL_GPIO_WritePin
                0x0800182a        0xc CMakeFiles/piezo.elf.dir/Drivers/STM32F4xx_HAL_Driver/Src/stm32f4xx_hal_gpio.c.obj
                0x0800182a                HAL_GPIO_WritePin
 *fill*         0x08001836        0x2 
 .text.HAL_RCC_OscConfig
                0x08001838      0x3f8 CMakeFiles/piezo.elf.dir/Drivers/STM32F4xx_HAL_Driver/Src/stm32f4xx_hal_rcc.c.obj
                0x08001838                HAL_RCC_OscConfig
 .text.HAL_RCC_GetSysClockFreq
                0x08001c30       0xd4 CMakeFiles/piezo.elf.dir/Drivers/STM32F4xx_HAL_Driver/Src/stm32f4xx_hal_rcc.c.obj
                0x08001c30                HAL_RCC_GetSysClockFreq
 .text.HAL_RCC_ClockConfig
                0x08001d04      0x160 CMakeFiles/piezo.elf.dir/Drivers/STM32F4xx_HAL_Driver/Src/stm32f4xx_hal_rcc.c.obj
                0x08001d04                HAL_RCC_ClockConfig
 .text.TIM_OC1_SetConfig
                0x08001e64       0x68 CMakeFiles/piezo.elf.dir/Drivers/STM32F4xx_HAL_Driver/Src/stm32f4xx_hal_tim.c.obj
 .text.TIM_OC3_SetConfig
                0x08001ecc       0x70 CMakeFiles/piezo.elf.dir/Drivers/STM32F4xx_HAL_Driver/Src/stm32f4xx_hal_tim.c.obj
 .text.TIM_OC4_SetConfig
                0x08001f3c       0x50 CMakeFiles/piezo.elf.dir/Drivers/STM32F4xx_HAL_Driver/Src/stm32f4xx_hal_tim.c.obj
 .text.TIM_TI1_ConfigInputStage
                0x08001f8c       0x24 CMakeFiles/piezo.elf.dir/Drivers/STM32F4xx_HAL_Driver/Src/stm32f4xx_hal_tim.c.obj
 .text.TIM_TI2_ConfigInputStage
                0x08001fb0       0x26 CMakeFiles/piezo.elf.dir/Drivers/STM32F4xx_HAL_Driver/Src/stm32f4xx_hal_tim.c.obj
 .text.TIM_ITRx_SetConfig
                0x08001fd6       0x10 CMakeFiles/piezo.elf.dir/Drivers/STM32F4xx_HAL_Driver/Src/stm32f4xx_hal_tim.c.obj
 .text.HAL_TIM_PWM_MspInit
                0x08001fe6        0x2 CMakeFiles/piezo.elf.dir/Drivers/STM32F4xx_HAL_Driver/Src/stm32f4xx_hal_tim.c.obj
                0x08001fe6                HAL_TIM_PWM_MspInit
 .text.TIM_Base_SetConfig
                0x08001fe8       0xc8 CMakeFiles/piezo.elf.dir/Drivers/STM32F4xx_HAL_Driver/Src/stm32f4xx_hal_tim.c.obj
                0x08001fe8                TIM_Base_SetConfig
 .text.HAL_TIM_Base_Init
                0x080020b0       0x58 CMakeFiles/piezo.elf.dir/Drivers/STM32F4xx_HAL_Driver/Src/stm32f4xx_hal_tim.c.obj
                0x080020b0                HAL_TIM_Base_Init
 .text.HAL_TIM_PWM_Init
                0x08002108       0x58 CMakeFiles/piezo.elf.dir/Drivers/STM32F4xx_HAL_Driver/Src/stm32f4xx_hal_tim.c.obj
                0x08002108                HAL_TIM_PWM_Init
 .text.TIM_OC2_SetConfig
                0x08002160       0x70 CMakeFiles/piezo.elf.dir/Drivers/STM32F4xx_HAL_Driver/Src/stm32f4xx_hal_tim.c.obj
                0x08002160                TIM_OC2_SetConfig
 .text.HAL_TIM_PWM_ConfigChannel
                0x080021d0       0xdc CMakeFiles/piezo.elf.dir/Drivers/STM32F4xx_HAL_Driver/Src/stm32f4xx_hal_tim.c.obj
                0x080021d0                HAL_TIM_PWM_ConfigChannel
 .text.TIM_ETR_SetConfig
                0x080022ac       0x18 CMakeFiles/piezo.elf.dir/Drivers/STM32F4xx_HAL_Driver/Src/stm32f4xx_hal_tim.c.obj
                0x080022ac                TIM_ETR_SetConfig
 .text.HAL_TIM_ConfigClockSource
                0x080022c4       0xfe CMakeFiles/piezo.elf.dir/Drivers/STM32F4xx_HAL_Driver/Src/stm32f4xx_hal_tim.c.obj
                0x080022c4                HAL_TIM_ConfigClockSource
 .text.TIM_CCxChannelCmd
                0x080023c2       0x1e CMakeFiles/piezo.elf.dir/Drivers/STM32F4xx_HAL_Driver/Src/stm32f4xx_hal_tim.c.obj
                0x080023c2                TIM_CCxChannelCmd
 .text.HAL_TIM_PWM_Start
                0x080023e0      0x104 CMakeFiles/piezo.elf.dir/Drivers/STM32F4xx_HAL_Driver/Src/stm32f4xx_hal_tim.c.obj
                0x080023e0                HAL_TIM_PWM_Start
 .text.HAL_TIMEx_MasterConfigSynchronization
                0x080024e4       0x8c CMakeFiles/piezo.elf.dir/Drivers/STM32F4xx_HAL_Driver/Src/stm32f4xx_hal_tim_ex.c.obj
                0x080024e4                HAL_TIMEx_MasterConfigSynchronization
 .text.HAL_TIMEx_ConfigBreakDeadTime
                0x08002570       0x52 CMakeFiles/piezo.elf.dir/Drivers/STM32F4xx_HAL_Driver/Src/stm32f4xx_hal_tim_ex.c.obj
                0x08002570                HAL_TIMEx_ConfigBreakDeadTime
 *fill*         0x080025c2        0x2 
 .text.Reset_Handler
                0x080025c4       0x50 CMakeFiles/piezo.elf.dir/startup/startup_stm32f407xx.s.obj
                0x080025c4                Reset_Handler
 .text.Default_Handler
                0x08002614        0x2 CMakeFiles/piezo.elf.dir/startup/startup_stm32f407xx.s.obj
                0x08002614                RTC_Alarm_IRQHandler
                0x08002614                HASH_RNG_IRQHandler
                0x08002614                EXTI2_IRQHandler
                0x08002614                TIM8_CC_IRQHandler
                0x08002614                TIM1_CC_IRQHandler
                0x08002614                DMA2_Stream5_IRQHandler
                0x08002614                DMA1_Stream5_IRQHandler
                0x08002614                PVD_IRQHandler
                0x08002614                SDIO_IRQHandler
                0x08002614                TAMP_STAMP_IRQHandler
                0x08002614                CAN2_RX1_IRQHandler
                0x08002614                EXTI3_IRQHandler
                0x08002614                TIM8_TRG_COM_TIM14_IRQHandler
                0x08002614                TIM1_UP_TIM10_IRQHandler
                0x08002614                TIM8_UP_TIM13_IRQHandler
                0x08002614                I2C3_ER_IRQHandler
                0x08002614                EXTI0_IRQHandler
                0x08002614                I2C2_EV_IRQHandler
                0x08002614                DMA1_Stream2_IRQHandler
                0x08002614                CAN1_RX0_IRQHandler
                0x08002614                FPU_IRQHandler
                0x08002614                OTG_HS_WKUP_IRQHandler
                0x08002614                CAN2_SCE_IRQHandler
                0x08002614                DMA2_Stream2_IRQHandler
                0x08002614                SPI1_IRQHandler
                0x08002614                TIM6_DAC_IRQHandler
                0x08002614                TIM1_BRK_TIM9_IRQHandler
                0x08002614                DCMI_IRQHandler
                0x08002614                CAN2_RX0_IRQHandler
                0x08002614                DMA2_Stream3_IRQHandler
                0x08002614                USART6_IRQHandler
                0x08002614                USART3_IRQHandler
                0x08002614                CAN1_RX1_IRQHandler
                0x08002614                UART5_IRQHandler
                0x08002614                DMA2_Stream0_IRQHandler
                0x08002614                TIM4_IRQHandler
                0x08002614                I2C1_EV_IRQHandler
                0x08002614                DMA1_Stream6_IRQHandler
                0x08002614                DMA1_Stream1_IRQHandler
                0x08002614                UART4_IRQHandler
                0x08002614                TIM3_IRQHandler
                0x08002614                RCC_IRQHandler
                0x08002614                TIM8_BRK_TIM12_IRQHandler
                0x08002614                Default_Handler
                0x08002614                EXTI15_10_IRQHandler
                0x08002614                ADC_IRQHandler
                0x08002614                DMA1_Stream7_IRQHandler
                0x08002614                TIM7_IRQHandler
                0x08002614                CAN2_TX_IRQHandler
                0x08002614                TIM5_IRQHandler
                0x08002614                DMA2_Stream7_IRQHandler
                0x08002614                I2C3_EV_IRQHandler
                0x08002614                EXTI9_5_IRQHandler
                0x08002614                RTC_WKUP_IRQHandler
                0x08002614                ETH_WKUP_IRQHandler
                0x08002614                SPI2_IRQHandler
                0x08002614                OTG_HS_EP1_IN_IRQHandler
                0x08002614                DMA1_Stream0_IRQHandler
                0x08002614                CAN1_TX_IRQHandler
                0x08002614                EXTI4_IRQHandler
                0x08002614                FSMC_IRQHandler
                0x08002614                ETH_IRQHandler
                0x08002614                OTG_HS_EP1_OUT_IRQHandler
                0x08002614                WWDG_IRQHandler
                0x08002614                TIM2_IRQHandler
                0x08002614                OTG_FS_WKUP_IRQHandler
                0x08002614                TIM1_TRG_COM_TIM11_IRQHandler
                0x08002614                OTG_HS_IRQHandler
                0x08002614                EXTI1_IRQHandler
                0x08002614                USART2_IRQHandler
                0x08002614                I2C2_ER_IRQHandler
                0x08002614                DMA2_Stream1_IRQHandler
                0x08002614                CAN1_SCE_IRQHandler
                0x08002614                FLASH_IRQHandler
                0x08002614                DMA2_Stream4_IRQHandler
                0x08002614                USART1_IRQHandler
                0x08002614                OTG_FS_IRQHandler
                0x08002614                SPI3_IRQHandler
                0x08002614                DMA1_Stream4_IRQHandler
                0x08002614                I2C1_ER_IRQHandler
                0x08002614                DMA2_Stream6_IRQHandler
                0x08002614                DMA1_Stream3_IRQHandler
 *fill*         0x08002616        0x2 
 .text.__libc_init_array
                0x08002618       0x48 c:/progra~2/gnuarm~1/102020~1/bin/../lib/gcc/arm-none-eabi/10.2.1/../../../../arm-none-eabi/lib/thumb/v7e-m/nofp\libg.a(lib_a-init.o)
                0x08002618                __libc_init_array
 .text.memset   0x08002660       0xa4 c:/progra~2/gnuarm~1/102020~1/bin/../lib/gcc/arm-none-eabi/10.2.1/../../../../arm-none-eabi/lib/thumb/v7e-m/nofp\libg.a(lib_a-memset.o)
                0x08002660                memset
 .text.startup.register_fini
                0x08002704       0x14 c:/progra~2/gnuarm~1/102020~1/bin/../lib/gcc/arm-none-eabi/10.2.1/../../../../arm-none-eabi/lib/thumb/v7e-m/nofp\libg.a(lib_a-__call_atexit.o)
 .text.atexit   0x08002718        0xc c:/progra~2/gnuarm~1/102020~1/bin/../lib/gcc/arm-none-eabi/10.2.1/../../../../arm-none-eabi/lib/thumb/v7e-m/nofp\libg.a(lib_a-atexit.o)
                0x08002718                atexit
 .text.__libc_fini_array
                0x08002724       0x2c c:/progra~2/gnuarm~1/102020~1/bin/../lib/gcc/arm-none-eabi/10.2.1/../../../../arm-none-eabi/lib/thumb/v7e-m/nofp\libg.a(lib_a-fini.o)
                0x08002724                __libc_fini_array
 .text.__retarget_lock_acquire_recursive
                0x08002750        0x4 c:/progra~2/gnuarm~1/102020~1/bin/../lib/gcc/arm-none-eabi/10.2.1/../../../../arm-none-eabi/lib/thumb/v7e-m/nofp\libg.a(lib_a-lock.o)
                0x08002750                __retarget_lock_acquire_recursive
 .text.__retarget_lock_release_recursive
                0x08002754        0x4 c:/progra~2/gnuarm~1/102020~1/bin/../lib/gcc/arm-none-eabi/10.2.1/../../../../arm-none-eabi/lib/thumb/v7e-m/nofp\libg.a(lib_a-lock.o)
                0x08002754                __retarget_lock_release_recursive
 .text.__register_exitproc
                0x08002758       0x8c c:/progra~2/gnuarm~1/102020~1/bin/../lib/gcc/arm-none-eabi/10.2.1/../../../../arm-none-eabi/lib/thumb/v7e-m/nofp\libg.a(lib_a-__atexit.o)
                0x08002758                __register_exitproc
 *(.glue_7)
 .glue_7        0x080027e4        0x0 linker stubs
 *(.glue_7t)
 .glue_7t       0x080027e4        0x0 linker stubs
 *(.eh_frame)
 .eh_frame      0x080027e4        0x0 c:/progra~2/gnuarm~1/102020~1/bin/../lib/gcc/arm-none-eabi/10.2.1/thumb/v7e-m/nofp/crtbegin.o
 *(.init)
 .init          0x080027e4        0x4 c:/progra~2/gnuarm~1/102020~1/bin/../lib/gcc/arm-none-eabi/10.2.1/thumb/v7e-m/nofp/crti.o
                0x080027e4                _init
 .init          0x080027e8        0x8 c:/progra~2/gnuarm~1/102020~1/bin/../lib/gcc/arm-none-eabi/10.2.1/thumb/v7e-m/nofp/crtn.o
 *(.fini)
 .fini          0x080027f0        0x4 c:/progra~2/gnuarm~1/102020~1/bin/../lib/gcc/arm-none-eabi/10.2.1/thumb/v7e-m/nofp/crti.o
                0x080027f0                _fini
 .fini          0x080027f4        0x8 c:/progra~2/gnuarm~1/102020~1/bin/../lib/gcc/arm-none-eabi/10.2.1/thumb/v7e-m/nofp/crtn.o
                0x080027fc                . = ALIGN (0x4)
                0x080027fc                _etext = .

.vfp11_veneer   0x080027fc        0x0
 .vfp11_veneer  0x080027fc        0x0 linker stubs

.v4_bx          0x080027fc        0x0
 .v4_bx         0x080027fc        0x0 linker stubs

.iplt           0x080027fc        0x0
 .iplt          0x080027fc        0x0 c:/progra~2/gnuarm~1/102020~1/bin/../lib/gcc/arm-none-eabi/10.2.1/thumb/v7e-m/nofp/crtbegin.o

.rodata         0x080027fc       0x14
                0x080027fc                . = ALIGN (0x4)
 *(.rodata)
 *(.rodata*)
 .rodata.AHBPrescTable
                0x080027fc       0x10 CMakeFiles/piezo.elf.dir/Core/Src/system_stm32f4xx.c.obj
                0x080027fc                AHBPrescTable
 .rodata._global_impure_ptr
                0x0800280c        0x4 c:/progra~2/gnuarm~1/102020~1/bin/../lib/gcc/arm-none-eabi/10.2.1/../../../../arm-none-eabi/lib/thumb/v7e-m/nofp\libg.a(lib_a-impure.o)
                0x0800280c                _global_impure_ptr
                0x08002810                . = ALIGN (0x4)

.ARM.extab
 *(.ARM.extab* .gnu.linkonce.armextab.*)

.ARM            0x08002810        0x8
                0x08002810                __exidx_start = .
 *(.ARM.exidx*)
 .ARM.exidx     0x08002810        0x8 c:/progra~2/gnuarm~1/102020~1/bin/../lib/gcc/arm-none-eabi/10.2.1/thumb/v7e-m/nofp\libgcc.a(_udivmoddi4.o)
                0x08002818                __exidx_end = .

.rel.dyn        0x08002818        0x0
 .rel.iplt      0x08002818        0x0 c:/progra~2/gnuarm~1/102020~1/bin/../lib/gcc/arm-none-eabi/10.2.1/thumb/v7e-m/nofp/crtbegin.o

.preinit_array  0x08002818        0x0
                0x08002818                PROVIDE (__preinit_array_start = .)
 *(.preinit_array*)
                0x08002818                PROVIDE (__preinit_array_end = .)

.init_array     0x08002818        0x8
                0x08002818                PROVIDE (__init_array_start = .)
 *(SORT_BY_NAME(.init_array.*))
 .init_array.00000
                0x08002818        0x4 c:/progra~2/gnuarm~1/102020~1/bin/../lib/gcc/arm-none-eabi/10.2.1/../../../../arm-none-eabi/lib/thumb/v7e-m/nofp\libg.a(lib_a-__call_atexit.o)
 *(.init_array*)
 .init_array    0x0800281c        0x4 c:/progra~2/gnuarm~1/102020~1/bin/../lib/gcc/arm-none-eabi/10.2.1/thumb/v7e-m/nofp/crtbegin.o
                0x08002820                PROVIDE (__init_array_end = .)

.fini_array     0x08002820        0x4
                0x08002820                PROVIDE (__fini_array_start = .)
 *(SORT_BY_NAME(.fini_array.*))
 *(.fini_array*)
 .fini_array    0x08002820        0x4 c:/progra~2/gnuarm~1/102020~1/bin/../lib/gcc/arm-none-eabi/10.2.1/thumb/v7e-m/nofp/crtbegin.o
                0x08002824                PROVIDE (__fini_array_end = .)
                0x08002824                _sidata = LOADADDR (.data)

.data           0x20000000      0x43c load address 0x08002824
                0x20000000                . = ALIGN (0x4)
                0x20000000                _sdata = .
 *(.data)
 *(.data*)
 .data.SystemCoreClock
                0x20000000        0x4 CMakeFiles/piezo.elf.dir/Core/Src/system_stm32f4xx.c.obj
                0x20000000                SystemCoreClock
 .data.uwTickFreq
                0x20000004        0x1 CMakeFiles/piezo.elf.dir/Drivers/STM32F4xx_HAL_Driver/Src/stm32f4xx_hal.c.obj
                0x20000004                uwTickFreq
 *fill*         0x20000005        0x3 
 .data.uwTickPrio
                0x20000008        0x4 CMakeFiles/piezo.elf.dir/Drivers/STM32F4xx_HAL_Driver/Src/stm32f4xx_hal.c.obj
                0x20000008                uwTickPrio
 *fill*         0x2000000c        0x4 
 .data.impure_data
                0x20000010      0x428 c:/progra~2/gnuarm~1/102020~1/bin/../lib/gcc/arm-none-eabi/10.2.1/../../../../arm-none-eabi/lib/thumb/v7e-m/nofp\libg.a(lib_a-impure.o)
 .data.__atexit_recursive_mutex
                0x20000438        0x4 c:/progra~2/gnuarm~1/102020~1/bin/../lib/gcc/arm-none-eabi/10.2.1/../../../../arm-none-eabi/lib/thumb/v7e-m/nofp\libg.a(lib_a-__call_atexit.o)
                0x20000438                __atexit_recursive_mutex
                0x2000043c                . = ALIGN (0x4)
                0x2000043c                _edata = .
                0x08002c60                _siccmram = LOADADDR (.ccmram)

.igot.plt       0x2000043c        0x0 load address 0x08002c60
 .igot.plt      0x2000043c        0x0 c:/progra~2/gnuarm~1/102020~1/bin/../lib/gcc/arm-none-eabi/10.2.1/thumb/v7e-m/nofp/crtbegin.o

.ccmram         0x10000000        0x0 load address 0x08002c60
                0x10000000                . = ALIGN (0x4)
                0x10000000                _sccmram = .
 *(.ccmram)
 *(.ccmram*)
                0x10000000                . = ALIGN (0x4)
                0x10000000                _eccmram = .
                0x10000000                . = ALIGN (0x4)

.bss            0x20000440       0xec
                0x20000440                _sbss = .
                0x20000440                __bss_start__ = _sbss
 *(.bss)
 .bss           0x20000440       0x1c c:/progra~2/gnuarm~1/102020~1/bin/../lib/gcc/arm-none-eabi/10.2.1/thumb/v7e-m/nofp/crtbegin.o
 *(.bss*)
 .bss.adc_meassurment
                0x2000045c        0x4 CMakeFiles/piezo.elf.dir/Core/Src/main.c.obj
                0x2000045c                adc_meassurment
 .bss.adc_smothed
                0x20000460        0x8 CMakeFiles/piezo.elf.dir/Core/Src/main.c.obj
                0x20000460                adc_smothed
 .bss.adc_smothed_last
                0x20000468        0x8 CMakeFiles/piezo.elf.dir/Core/Src/main.c.obj
                0x20000468                adc_smothed_last
 .bss.average   0x20000470        0x4 CMakeFiles/piezo.elf.dir/Core/Src/main.c.obj
                0x20000470                average
 .bss.hadc1     0x20000474       0x48 CMakeFiles/piezo.elf.dir/Core/Src/main.c.obj
                0x20000474                hadc1
 .bss.htim1     0x200004bc       0x48 CMakeFiles/piezo.elf.dir/Core/Src/main.c.obj
                0x200004bc                htim1
 .bss.meassurments
                0x20000504       0x20 CMakeFiles/piezo.elf.dir/Core/Src/main.c.obj
                0x20000504                meassurments
 .bss.uwTick    0x20000524        0x4 CMakeFiles/piezo.elf.dir/Drivers/STM32F4xx_HAL_Driver/Src/stm32f4xx_hal.c.obj
                0x20000524                uwTick
 .bss.__lock___atexit_recursive_mutex
                0x20000528        0x1 c:/progra~2/gnuarm~1/102020~1/bin/../lib/gcc/arm-none-eabi/10.2.1/../../../../arm-none-eabi/lib/thumb/v7e-m/nofp\libg.a(lib_a-lock.o)
                0x20000528                __lock___atexit_recursive_mutex
 *(COMMON)
                0x2000052c                . = ALIGN (0x4)
 *fill*         0x20000529        0x3 
                0x2000052c                _ebss = .
                0x2000052c                __bss_end__ = _ebss

._user_heap_stack
                0x2000052c      0x604
                0x20000530                . = ALIGN (0x8)
 *fill*         0x2000052c        0x4 
                0x20000530                PROVIDE (end = .)
                [!provide]                PROVIDE (_end = .)
                0x20000730                . = (. + _Min_Heap_Size)
 *fill*         0x20000530      0x200 
                0x20000b30                . = (. + _Min_Stack_Size)
 *fill*         0x20000730      0x400 
                0x20000b30                . = ALIGN (0x8)

/DISCARD/
 libc.a(*)
 libm.a(*)
 libgcc.a(*)

.ARM.attributes
                0x00000000       0x2a
 *(.ARM.attributes)
 .ARM.attributes
                0x00000000       0x1e c:/progra~2/gnuarm~1/102020~1/bin/../lib/gcc/arm-none-eabi/10.2.1/thumb/v7e-m/nofp/crti.o
 .ARM.attributes
                0x0000001e       0x2e c:/progra~2/gnuarm~1/102020~1/bin/../lib/gcc/arm-none-eabi/10.2.1/thumb/v7e-m/nofp/crtbegin.o
 .ARM.attributes
                0x0000004c       0x2e CMakeFiles/piezo.elf.dir/Core/Src/main.c.obj
 .ARM.attributes
                0x0000007a       0x2e CMakeFiles/piezo.elf.dir/Core/Src/stm32f4xx_hal_msp.c.obj
 .ARM.attributes
                0x000000a8       0x2e CMakeFiles/piezo.elf.dir/Core/Src/stm32f4xx_it.c.obj
 .ARM.attributes
                0x000000d6       0x2e CMakeFiles/piezo.elf.dir/Core/Src/system_stm32f4xx.c.obj
 .ARM.attributes
                0x00000104       0x2e CMakeFiles/piezo.elf.dir/Drivers/STM32F4xx_HAL_Driver/Src/stm32f4xx_hal.c.obj
 .ARM.attributes
                0x00000132       0x2e CMakeFiles/piezo.elf.dir/Drivers/STM32F4xx_HAL_Driver/Src/stm32f4xx_hal_adc.c.obj
 .ARM.attributes
                0x00000160       0x2e CMakeFiles/piezo.elf.dir/Drivers/STM32F4xx_HAL_Driver/Src/stm32f4xx_hal_cortex.c.obj
 .ARM.attributes
                0x0000018e       0x2e CMakeFiles/piezo.elf.dir/Drivers/STM32F4xx_HAL_Driver/Src/stm32f4xx_hal_gpio.c.obj
 .ARM.attributes
                0x000001bc       0x2e CMakeFiles/piezo.elf.dir/Drivers/STM32F4xx_HAL_Driver/Src/stm32f4xx_hal_rcc.c.obj
 .ARM.attributes
                0x000001ea       0x2e CMakeFiles/piezo.elf.dir/Drivers/STM32F4xx_HAL_Driver/Src/stm32f4xx_hal_tim.c.obj
 .ARM.attributes
                0x00000218       0x2e CMakeFiles/piezo.elf.dir/Drivers/STM32F4xx_HAL_Driver/Src/stm32f4xx_hal_tim_ex.c.obj
 .ARM.attributes
                0x00000246       0x21 CMakeFiles/piezo.elf.dir/startup/startup_stm32f407xx.s.obj
 .ARM.attributes
                0x00000267       0x1e c:/progra~2/gnuarm~1/102020~1/bin/../lib/gcc/arm-none-eabi/10.2.1/thumb/v7e-m/nofp\libgcc.a(_arm_muldf3.o)
 .ARM.attributes
                0x00000285       0x1e c:/progra~2/gnuarm~1/102020~1/bin/../lib/gcc/arm-none-eabi/10.2.1/thumb/v7e-m/nofp\libgcc.a(_arm_addsubdf3.o)
 .ARM.attributes
                0x000002a3       0x1e c:/progra~2/gnuarm~1/102020~1/bin/../lib/gcc/arm-none-eabi/10.2.1/thumb/v7e-m/nofp\libgcc.a(_aeabi_uldivmod.o)
 .ARM.attributes
                0x000002c1       0x2e c:/progra~2/gnuarm~1/102020~1/bin/../lib/gcc/arm-none-eabi/10.2.1/thumb/v7e-m/nofp\libgcc.a(_udivmoddi4.o)
 .ARM.attributes
                0x000002ef       0x1e c:/progra~2/gnuarm~1/102020~1/bin/../lib/gcc/arm-none-eabi/10.2.1/thumb/v7e-m/nofp\libgcc.a(_dvmd_tls.o)
 .ARM.attributes
                0x0000030d       0x2e c:/progra~2/gnuarm~1/102020~1/bin/../lib/gcc/arm-none-eabi/10.2.1/../../../../arm-none-eabi/lib/thumb/v7e-m/nofp\libg.a(lib_a-impure.o)
 .ARM.attributes
                0x0000033b       0x2e c:/progra~2/gnuarm~1/102020~1/bin/../lib/gcc/arm-none-eabi/10.2.1/../../../../arm-none-eabi/lib/thumb/v7e-m/nofp\libg.a(lib_a-init.o)
 .ARM.attributes
                0x00000369       0x2e c:/progra~2/gnuarm~1/102020~1/bin/../lib/gcc/arm-none-eabi/10.2.1/../../../../arm-none-eabi/lib/thumb/v7e-m/nofp\libg.a(lib_a-memset.o)
 .ARM.attributes
                0x00000397       0x2e c:/progra~2/gnuarm~1/102020~1/bin/../lib/gcc/arm-none-eabi/10.2.1/../../../../arm-none-eabi/lib/thumb/v7e-m/nofp\libg.a(lib_a-__call_atexit.o)
 .ARM.attributes
                0x000003c5       0x2e c:/progra~2/gnuarm~1/102020~1/bin/../lib/gcc/arm-none-eabi/10.2.1/../../../../arm-none-eabi/lib/thumb/v7e-m/nofp\libg.a(lib_a-atexit.o)
 .ARM.attributes
                0x000003f3       0x2e c:/progra~2/gnuarm~1/102020~1/bin/../lib/gcc/arm-none-eabi/10.2.1/../../../../arm-none-eabi/lib/thumb/v7e-m/nofp\libg.a(lib_a-fini.o)
 .ARM.attributes
                0x00000421       0x2e c:/progra~2/gnuarm~1/102020~1/bin/../lib/gcc/arm-none-eabi/10.2.1/../../../../arm-none-eabi/lib/thumb/v7e-m/nofp\libg.a(lib_a-lock.o)
 .ARM.attributes
                0x0000044f       0x2e c:/progra~2/gnuarm~1/102020~1/bin/../lib/gcc/arm-none-eabi/10.2.1/../../../../arm-none-eabi/lib/thumb/v7e-m/nofp\libg.a(lib_a-__atexit.o)
 .ARM.attributes
                0x0000047d       0x1e c:/progra~2/gnuarm~1/102020~1/bin/../lib/gcc/arm-none-eabi/10.2.1/thumb/v7e-m/nofp/crtn.o
OUTPUT(piezo.elf elf32-littlearm)
LOAD linker stubs
LOAD c:/progra~2/gnuarm~1/102020~1/bin/../lib/gcc/arm-none-eabi/10.2.1/../../../../arm-none-eabi/lib/thumb/v7e-m/nofp\libc.a
LOAD c:/progra~2/gnuarm~1/102020~1/bin/../lib/gcc/arm-none-eabi/10.2.1/../../../../arm-none-eabi/lib/thumb/v7e-m/nofp\libm.a
LOAD c:/progra~2/gnuarm~1/102020~1/bin/../lib/gcc/arm-none-eabi/10.2.1/thumb/v7e-m/nofp\libgcc.a

.debug_info     0x00000000     0xbdb0
 .debug_info    0x00000000     0x16cc CMakeFiles/piezo.elf.dir/Core/Src/main.c.obj
 .debug_info    0x000016cc      0xdea CMakeFiles/piezo.elf.dir/Core/Src/stm32f4xx_hal_msp.c.obj
 .debug_info    0x000024b6      0x12f CMakeFiles/piezo.elf.dir/Core/Src/stm32f4xx_it.c.obj
 .debug_info    0x000025e5      0x37d CMakeFiles/piezo.elf.dir/Core/Src/system_stm32f4xx.c.obj
 .debug_info    0x00002962      0x9f0 CMakeFiles/piezo.elf.dir/Drivers/STM32F4xx_HAL_Driver/Src/stm32f4xx_hal.c.obj
 .debug_info    0x00003352      0xeb7 CMakeFiles/piezo.elf.dir/Drivers/STM32F4xx_HAL_Driver/Src/stm32f4xx_hal_adc.c.obj
 .debug_info    0x00004209     0x1098 CMakeFiles/piezo.elf.dir/Drivers/STM32F4xx_HAL_Driver/Src/stm32f4xx_hal_cortex.c.obj
 .debug_info    0x000052a1      0x7b0 CMakeFiles/piezo.elf.dir/Drivers/STM32F4xx_HAL_Driver/Src/stm32f4xx_hal_gpio.c.obj
 .debug_info    0x00005a51      0xb03 CMakeFiles/piezo.elf.dir/Drivers/STM32F4xx_HAL_Driver/Src/stm32f4xx_hal_rcc.c.obj
 .debug_info    0x00006554     0x3d5c CMakeFiles/piezo.elf.dir/Drivers/STM32F4xx_HAL_Driver/Src/stm32f4xx_hal_tim.c.obj
 .debug_info    0x0000a2b0     0x1ade CMakeFiles/piezo.elf.dir/Drivers/STM32F4xx_HAL_Driver/Src/stm32f4xx_hal_tim_ex.c.obj
 .debug_info    0x0000bd8e       0x22 CMakeFiles/piezo.elf.dir/startup/startup_stm32f407xx.s.obj

.debug_abbrev   0x00000000     0x16e2
 .debug_abbrev  0x00000000      0x2e4 CMakeFiles/piezo.elf.dir/Core/Src/main.c.obj
 .debug_abbrev  0x000002e4      0x1c6 CMakeFiles/piezo.elf.dir/Core/Src/stm32f4xx_hal_msp.c.obj
 .debug_abbrev  0x000004aa       0x7e CMakeFiles/piezo.elf.dir/Core/Src/stm32f4xx_it.c.obj
 .debug_abbrev  0x00000528      0x119 CMakeFiles/piezo.elf.dir/Core/Src/system_stm32f4xx.c.obj
 .debug_abbrev  0x00000641      0x206 CMakeFiles/piezo.elf.dir/Drivers/STM32F4xx_HAL_Driver/Src/stm32f4xx_hal.c.obj
 .debug_abbrev  0x00000847      0x23a CMakeFiles/piezo.elf.dir/Drivers/STM32F4xx_HAL_Driver/Src/stm32f4xx_hal_adc.c.obj
 .debug_abbrev  0x00000a81      0x36a CMakeFiles/piezo.elf.dir/Drivers/STM32F4xx_HAL_Driver/Src/stm32f4xx_hal_cortex.c.obj
 .debug_abbrev  0x00000deb      0x1ef CMakeFiles/piezo.elf.dir/Drivers/STM32F4xx_HAL_Driver/Src/stm32f4xx_hal_gpio.c.obj
 .debug_abbrev  0x00000fda      0x28a CMakeFiles/piezo.elf.dir/Drivers/STM32F4xx_HAL_Driver/Src/stm32f4xx_hal_rcc.c.obj
 .debug_abbrev  0x00001264      0x22b CMakeFiles/piezo.elf.dir/Drivers/STM32F4xx_HAL_Driver/Src/stm32f4xx_hal_tim.c.obj
 .debug_abbrev  0x0000148f      0x241 CMakeFiles/piezo.elf.dir/Drivers/STM32F4xx_HAL_Driver/Src/stm32f4xx_hal_tim_ex.c.obj
 .debug_abbrev  0x000016d0       0x12 CMakeFiles/piezo.elf.dir/startup/startup_stm32f407xx.s.obj

.debug_loc      0x00000000     0x8ee4
 .debug_loc     0x00000000       0xd8 CMakeFiles/piezo.elf.dir/Core/Src/main.c.obj
 .debug_loc     0x000000d8       0xc6 CMakeFiles/piezo.elf.dir/Core/Src/stm32f4xx_hal_msp.c.obj
 .debug_loc     0x0000019e      0x158 CMakeFiles/piezo.elf.dir/Core/Src/system_stm32f4xx.c.obj
 .debug_loc     0x000002f6      0x141 CMakeFiles/piezo.elf.dir/Drivers/STM32F4xx_HAL_Driver/Src/stm32f4xx_hal.c.obj
 .debug_loc     0x00000437      0xb5e CMakeFiles/piezo.elf.dir/Drivers/STM32F4xx_HAL_Driver/Src/stm32f4xx_hal_adc.c.obj
 .debug_loc     0x00000f95      0x744 CMakeFiles/piezo.elf.dir/Drivers/STM32F4xx_HAL_Driver/Src/stm32f4xx_hal_cortex.c.obj
 .debug_loc     0x000016d9      0x520 CMakeFiles/piezo.elf.dir/Drivers/STM32F4xx_HAL_Driver/Src/stm32f4xx_hal_gpio.c.obj
 .debug_loc     0x00001bf9      0x58c CMakeFiles/piezo.elf.dir/Drivers/STM32F4xx_HAL_Driver/Src/stm32f4xx_hal_rcc.c.obj
 .debug_loc     0x00002185     0x5088 CMakeFiles/piezo.elf.dir/Drivers/STM32F4xx_HAL_Driver/Src/stm32f4xx_hal_tim.c.obj
 .debug_loc     0x0000720d     0x1cd7 CMakeFiles/piezo.elf.dir/Drivers/STM32F4xx_HAL_Driver/Src/stm32f4xx_hal_tim_ex.c.obj

.debug_aranges  0x00000000      0x9e8
 .debug_aranges
                0x00000000       0x58 CMakeFiles/piezo.elf.dir/Core/Src/main.c.obj
 .debug_aranges
                0x00000058       0x48 CMakeFiles/piezo.elf.dir/Core/Src/stm32f4xx_hal_msp.c.obj
 .debug_aranges
                0x000000a0       0x60 CMakeFiles/piezo.elf.dir/Core/Src/stm32f4xx_it.c.obj
 .debug_aranges
                0x00000100       0x28 CMakeFiles/piezo.elf.dir/Core/Src/system_stm32f4xx.c.obj
 .debug_aranges
                0x00000128       0xf0 CMakeFiles/piezo.elf.dir/Drivers/STM32F4xx_HAL_Driver/Src/stm32f4xx_hal.c.obj
 .debug_aranges
                0x00000218       0xe8 CMakeFiles/piezo.elf.dir/Drivers/STM32F4xx_HAL_Driver/Src/stm32f4xx_hal_adc.c.obj
 .debug_aranges
                0x00000300       0xa8 CMakeFiles/piezo.elf.dir/Drivers/STM32F4xx_HAL_Driver/Src/stm32f4xx_hal_cortex.c.obj
 .debug_aranges
                0x000003a8       0x58 CMakeFiles/piezo.elf.dir/Drivers/STM32F4xx_HAL_Driver/Src/stm32f4xx_hal_gpio.c.obj
 .debug_aranges
                0x00000400       0x88 CMakeFiles/piezo.elf.dir/Drivers/STM32F4xx_HAL_Driver/Src/stm32f4xx_hal_rcc.c.obj
 .debug_aranges
                0x00000488      0x3d0 CMakeFiles/piezo.elf.dir/Drivers/STM32F4xx_HAL_Driver/Src/stm32f4xx_hal_tim.c.obj
 .debug_aranges
                0x00000858      0x168 CMakeFiles/piezo.elf.dir/Drivers/STM32F4xx_HAL_Driver/Src/stm32f4xx_hal_tim_ex.c.obj
 .debug_aranges
                0x000009c0       0x28 CMakeFiles/piezo.elf.dir/startup/startup_stm32f407xx.s.obj

.debug_ranges   0x00000000      0x9c0
 .debug_ranges  0x00000000       0x60 CMakeFiles/piezo.elf.dir/Core/Src/main.c.obj
 .debug_ranges  0x00000060       0x38 CMakeFiles/piezo.elf.dir/Core/Src/stm32f4xx_hal_msp.c.obj
 .debug_ranges  0x00000098       0x50 CMakeFiles/piezo.elf.dir/Core/Src/stm32f4xx_it.c.obj
 .debug_ranges  0x000000e8       0x18 CMakeFiles/piezo.elf.dir/Core/Src/system_stm32f4xx.c.obj
 .debug_ranges  0x00000100       0xe0 CMakeFiles/piezo.elf.dir/Drivers/STM32F4xx_HAL_Driver/Src/stm32f4xx_hal.c.obj
 .debug_ranges  0x000001e0       0xd8 CMakeFiles/piezo.elf.dir/Drivers/STM32F4xx_HAL_Driver/Src/stm32f4xx_hal_adc.c.obj
 .debug_ranges  0x000002b8       0xf8 CMakeFiles/piezo.elf.dir/Drivers/STM32F4xx_HAL_Driver/Src/stm32f4xx_hal_cortex.c.obj
 .debug_ranges  0x000003b0       0x48 CMakeFiles/piezo.elf.dir/Drivers/STM32F4xx_HAL_Driver/Src/stm32f4xx_hal_gpio.c.obj
 .debug_ranges  0x000003f8       0x90 CMakeFiles/piezo.elf.dir/Drivers/STM32F4xx_HAL_Driver/Src/stm32f4xx_hal_rcc.c.obj
 .debug_ranges  0x00000488      0x3c0 CMakeFiles/piezo.elf.dir/Drivers/STM32F4xx_HAL_Driver/Src/stm32f4xx_hal_tim.c.obj
 .debug_ranges  0x00000848      0x158 CMakeFiles/piezo.elf.dir/Drivers/STM32F4xx_HAL_Driver/Src/stm32f4xx_hal_tim_ex.c.obj
 .debug_ranges  0x000009a0       0x20 CMakeFiles/piezo.elf.dir/startup/startup_stm32f407xx.s.obj

.debug_line     0x00000000     0xa7e6
 .debug_line    0x00000000      0x77c CMakeFiles/piezo.elf.dir/Core/Src/main.c.obj
 .debug_line    0x0000077c      0x379 CMakeFiles/piezo.elf.dir/Core/Src/stm32f4xx_hal_msp.c.obj
 .debug_line    0x00000af5      0x1b1 CMakeFiles/piezo.elf.dir/Core/Src/stm32f4xx_it.c.obj
 .debug_line    0x00000ca6      0x233 CMakeFiles/piezo.elf.dir/Core/Src/system_stm32f4xx.c.obj
 .debug_line    0x00000ed9      0x5af CMakeFiles/piezo.elf.dir/Drivers/STM32F4xx_HAL_Driver/Src/stm32f4xx_hal.c.obj
 .debug_line    0x00001488     0x10ed CMakeFiles/piezo.elf.dir/Drivers/STM32F4xx_HAL_Driver/Src/stm32f4xx_hal_adc.c.obj
 .debug_line    0x00002575      0x7c2 CMakeFiles/piezo.elf.dir/Drivers/STM32F4xx_HAL_Driver/Src/stm32f4xx_hal_cortex.c.obj
 .debug_line    0x00002d37      0x70e CMakeFiles/piezo.elf.dir/Drivers/STM32F4xx_HAL_Driver/Src/stm32f4xx_hal_gpio.c.obj
 .debug_line    0x00003445      0xb3d CMakeFiles/piezo.elf.dir/Drivers/STM32F4xx_HAL_Driver/Src/stm32f4xx_hal_rcc.c.obj
 .debug_line    0x00003f82     0x4ad2 CMakeFiles/piezo.elf.dir/Drivers/STM32F4xx_HAL_Driver/Src/stm32f4xx_hal_tim.c.obj
 .debug_line    0x00008a54     0x1cf7 CMakeFiles/piezo.elf.dir/Drivers/STM32F4xx_HAL_Driver/Src/stm32f4xx_hal_tim_ex.c.obj
 .debug_line    0x0000a74b       0x9b CMakeFiles/piezo.elf.dir/startup/startup_stm32f407xx.s.obj

.debug_str      0x00000000     0x3692
 .debug_str     0x00000000      0xee9 CMakeFiles/piezo.elf.dir/Core/Src/main.c.obj
                                0xfd2 (size before relaxing)
 .debug_str     0x00000ee9       0xd5 CMakeFiles/piezo.elf.dir/Core/Src/stm32f4xx_hal_msp.c.obj
                                0xac7 (size before relaxing)
 .debug_str     0x00000fbe       0xd1 CMakeFiles/piezo.elf.dir/Core/Src/stm32f4xx_it.c.obj
                                0x255 (size before relaxing)
 .debug_str     0x0000108f       0xa1 CMakeFiles/piezo.elf.dir/Core/Src/system_stm32f4xx.c.obj
                                0x347 (size before relaxing)
 .debug_str     0x00001130      0x852 CMakeFiles/piezo.elf.dir/Drivers/STM32F4xx_HAL_Driver/Src/stm32f4xx_hal.c.obj
                                0xb80 (size before relaxing)
 .debug_str     0x00001982      0x29d CMakeFiles/piezo.elf.dir/Drivers/STM32F4xx_HAL_Driver/Src/stm32f4xx_hal_adc.c.obj
                                0x979 (size before relaxing)
 .debug_str     0x00001c1f      0x4ca CMakeFiles/piezo.elf.dir/Drivers/STM32F4xx_HAL_Driver/Src/stm32f4xx_hal_cortex.c.obj
                                0xc52 (size before relaxing)
 .debug_str     0x000020e9      0x131 CMakeFiles/piezo.elf.dir/Drivers/STM32F4xx_HAL_Driver/Src/stm32f4xx_hal_gpio.c.obj
                                0x506 (size before relaxing)
 .debug_str     0x0000221a      0x1be CMakeFiles/piezo.elf.dir/Drivers/STM32F4xx_HAL_Driver/Src/stm32f4xx_hal_rcc.c.obj
                                0x72c (size before relaxing)
 .debug_str     0x000023d8      0xde5 CMakeFiles/piezo.elf.dir/Drivers/STM32F4xx_HAL_Driver/Src/stm32f4xx_hal_tim.c.obj
                               0x16df (size before relaxing)
 .debug_str     0x000031bd      0x48c CMakeFiles/piezo.elf.dir/Drivers/STM32F4xx_HAL_Driver/Src/stm32f4xx_hal_tim_ex.c.obj
                                0xee0 (size before relaxing)
 .debug_str     0x00003649       0x49 CMakeFiles/piezo.elf.dir/startup/startup_stm32f407xx.s.obj
                                 0x78 (size before relaxing)

.comment        0x00000000       0x4d
 .comment       0x00000000       0x4d CMakeFiles/piezo.elf.dir/Core/Src/main.c.obj
                                 0x4e (size before relaxing)
 .comment       0x0000004d       0x4e CMakeFiles/piezo.elf.dir/Core/Src/stm32f4xx_hal_msp.c.obj
 .comment       0x0000004d       0x4e CMakeFiles/piezo.elf.dir/Core/Src/stm32f4xx_it.c.obj
 .comment       0x0000004d       0x4e CMakeFiles/piezo.elf.dir/Core/Src/system_stm32f4xx.c.obj
 .comment       0x0000004d       0x4e CMakeFiles/piezo.elf.dir/Drivers/STM32F4xx_HAL_Driver/Src/stm32f4xx_hal.c.obj
 .comment       0x0000004d       0x4e CMakeFiles/piezo.elf.dir/Drivers/STM32F4xx_HAL_Driver/Src/stm32f4xx_hal_adc.c.obj
 .comment       0x0000004d       0x4e CMakeFiles/piezo.elf.dir/Drivers/STM32F4xx_HAL_Driver/Src/stm32f4xx_hal_cortex.c.obj
 .comment       0x0000004d       0x4e CMakeFiles/piezo.elf.dir/Drivers/STM32F4xx_HAL_Driver/Src/stm32f4xx_hal_gpio.c.obj
 .comment       0x0000004d       0x4e CMakeFiles/piezo.elf.dir/Drivers/STM32F4xx_HAL_Driver/Src/stm32f4xx_hal_rcc.c.obj
 .comment       0x0000004d       0x4e CMakeFiles/piezo.elf.dir/Drivers/STM32F4xx_HAL_Driver/Src/stm32f4xx_hal_tim.c.obj
 .comment       0x0000004d       0x4e CMakeFiles/piezo.elf.dir/Drivers/STM32F4xx_HAL_Driver/Src/stm32f4xx_hal_tim_ex.c.obj

.debug_frame    0x00000000     0x1c80
 .debug_frame   0x00000000       0xe4 CMakeFiles/piezo.elf.dir/Core/Src/main.c.obj
 .debug_frame   0x000000e4       0xac CMakeFiles/piezo.elf.dir/Core/Src/stm32f4xx_hal_msp.c.obj
 .debug_frame   0x00000190       0xa8 CMakeFiles/piezo.elf.dir/Core/Src/stm32f4xx_it.c.obj
 .debug_frame   0x00000238       0x30 CMakeFiles/piezo.elf.dir/Core/Src/system_stm32f4xx.c.obj
 .debug_frame   0x00000268      0x1ec CMakeFiles/piezo.elf.dir/Drivers/STM32F4xx_HAL_Driver/Src/stm32f4xx_hal.c.obj
 .debug_frame   0x00000454      0x268 CMakeFiles/piezo.elf.dir/Drivers/STM32F4xx_HAL_Driver/Src/stm32f4xx_hal_adc.c.obj
 .debug_frame   0x000006bc      0x148 CMakeFiles/piezo.elf.dir/Drivers/STM32F4xx_HAL_Driver/Src/stm32f4xx_hal_cortex.c.obj
 .debug_frame   0x00000804       0xd8 CMakeFiles/piezo.elf.dir/Drivers/STM32F4xx_HAL_Driver/Src/stm32f4xx_hal_gpio.c.obj
 .debug_frame   0x000008dc      0x16c CMakeFiles/piezo.elf.dir/Drivers/STM32F4xx_HAL_Driver/Src/stm32f4xx_hal_rcc.c.obj
 .debug_frame   0x00000a48      0xb04 CMakeFiles/piezo.elf.dir/Drivers/STM32F4xx_HAL_Driver/Src/stm32f4xx_hal_tim.c.obj
 .debug_frame   0x0000154c      0x40c CMakeFiles/piezo.elf.dir/Drivers/STM32F4xx_HAL_Driver/Src/stm32f4xx_hal_tim_ex.c.obj
 .debug_frame   0x00001958       0x30 c:/progra~2/gnuarm~1/102020~1/bin/../lib/gcc/arm-none-eabi/10.2.1/thumb/v7e-m/nofp\libgcc.a(_arm_muldf3.o)
 .debug_frame   0x00001988       0xac c:/progra~2/gnuarm~1/102020~1/bin/../lib/gcc/arm-none-eabi/10.2.1/thumb/v7e-m/nofp\libgcc.a(_arm_addsubdf3.o)
 .debug_frame   0x00001a34       0x2c c:/progra~2/gnuarm~1/102020~1/bin/../lib/gcc/arm-none-eabi/10.2.1/thumb/v7e-m/nofp\libgcc.a(_aeabi_uldivmod.o)
 .debug_frame   0x00001a60       0x34 c:/progra~2/gnuarm~1/102020~1/bin/../lib/gcc/arm-none-eabi/10.2.1/thumb/v7e-m/nofp\libgcc.a(_udivmoddi4.o)
 .debug_frame   0x00001a94       0x2c c:/progra~2/gnuarm~1/102020~1/bin/../lib/gcc/arm-none-eabi/10.2.1/../../../../arm-none-eabi/lib/thumb/v7e-m/nofp\libg.a(lib_a-init.o)
 .debug_frame   0x00001ac0       0x2c c:/progra~2/gnuarm~1/102020~1/bin/../lib/gcc/arm-none-eabi/10.2.1/../../../../arm-none-eabi/lib/thumb/v7e-m/nofp\libg.a(lib_a-memset.o)
 .debug_frame   0x00001aec       0x5c c:/progra~2/gnuarm~1/102020~1/bin/../lib/gcc/arm-none-eabi/10.2.1/../../../../arm-none-eabi/lib/thumb/v7e-m/nofp\libg.a(lib_a-__call_atexit.o)
 .debug_frame   0x00001b48       0x20 c:/progra~2/gnuarm~1/102020~1/bin/../lib/gcc/arm-none-eabi/10.2.1/../../../../arm-none-eabi/lib/thumb/v7e-m/nofp\libg.a(lib_a-atexit.o)
 .debug_frame   0x00001b68       0x34 c:/progra~2/gnuarm~1/102020~1/bin/../lib/gcc/arm-none-eabi/10.2.1/../../../../arm-none-eabi/lib/thumb/v7e-m/nofp\libg.a(lib_a-fini.o)
 .debug_frame   0x00001b9c       0xb0 c:/progra~2/gnuarm~1/102020~1/bin/../lib/gcc/arm-none-eabi/10.2.1/../../../../arm-none-eabi/lib/thumb/v7e-m/nofp\libg.a(lib_a-lock.o)
 .debug_frame   0x00001c4c       0x34 c:/progra~2/gnuarm~1/102020~1/bin/../lib/gcc/arm-none-eabi/10.2.1/../../../../arm-none-eabi/lib/thumb/v7e-m/nofp\libg.a(lib_a-__atexit.o)
